SyntaxError: Unexpected end of JSON input
    at JSON.parse (<anonymous>)
    at parse (D:\Software Engineer\Sofware Testing\HW6\eshop-sut\backend\node_modules\body-parser\lib\types\json.js:72:19)
    at D:\Software Engineer\Sofware Testing\HW6\eshop-sut\backend\node_modules\body-parser\lib\read.js:162:18
    at AsyncResource.runInAsyncScope (node:async_hooks:214:14)
    at invokeCallback (D:\Software Engineer\Sofware Testing\HW6\eshop-sut\backend\node_modules\raw-body\index.js:238:16)
    at done (D:\Software Engineer\Sofware Testing\HW6\eshop-sut\backend\node_modules\raw-body\index.js:227:7)
    at IncomingMessage.onEnd (D:\Software Engineer\Sofware Testing\HW6\eshop-sut\backend\node_modules\raw-body\index.js:287:7)
    at IncomingMessage.emit (node:events:518:28)
    at endReadableNT (node:internal/streams/readable:1698:12)
    at process.processTicksAndRejections (node:internal/process/task_queues:90:21)
TypeError: Cannot destructure property 'email' of 'req.body' as it is undefined.
    at D:\Software Engineer\Sofware Testing\HW6\eshop-sut\backend\server.js:33:11
    at Layer.handleRequest (D:\Software Engineer\Sofware Testing\HW6\eshop-sut\backend\node_modules\router\lib\layer.js:152:17)
    at next (D:\Software Engineer\Sofware Testing\HW6\eshop-sut\backend\node_modules\router\lib\route.js:157:13)
    at Route.dispatch (D:\Software Engineer\Sofware Testing\HW6\eshop-sut\backend\node_modules\router\lib\route.js:117:3)
    at handle (D:\Software Engineer\Sofware Testing\HW6\eshop-sut\backend\node_modules\router\index.js:435:11)
    at Layer.handleRequest (D:\Software Engineer\Sofware Testing\HW6\eshop-sut\backend\node_modules\router\lib\layer.js:152:17)
    at D:\Software Engineer\Sofware Testing\HW6\eshop-sut\backend\node_modules\router\index.js:295:15
    at processParams (D:\Software Engineer\Sofware Testing\HW6\eshop-sut\backend\node_modules\router\index.js:582:12)
    at next (D:\Software Engineer\Sofware Testing\HW6\eshop-sut\backend\node_modules\router\index.js:291:5)
    at read (D:\Software Engineer\Sofware Testing\HW6\eshop-sut\backend\node_modules\body-parser\lib\read.js:62:5)
SyntaxError: Unexpected end of JSON input
    at JSON.parse (<anonymous>)
    at parse (D:\Software Engineer\Sofware Testing\HW6\eshop-sut\backend\node_modules\body-parser\lib\types\json.js:72:19)
    at D:\Software Engineer\Sofware Testing\HW6\eshop-sut\backend\node_modules\body-parser\lib\read.js:162:18
    at AsyncResource.runInAsyncScope (node:async_hooks:214:14)
    at invokeCallback (D:\Software Engineer\Sofware Testing\HW6\eshop-sut\backend\node_modules\raw-body\index.js:238:16)
    at done (D:\Software Engineer\Sofware Testing\HW6\eshop-sut\backend\node_modules\raw-body\index.js:227:7)
    at IncomingMessage.onEnd (D:\Software Engineer\Sofware Testing\HW6\eshop-sut\backend\node_modules\raw-body\index.js:287:7)
    at IncomingMessage.emit (node:events:518:28)
    at endReadableNT (node:internal/streams/readable:1698:12)
    at process.processTicksAndRejections (node:internal/process/task_queues:90:21)
TypeError: Cannot destructure property 'email' of 'req.body' as it is undefined.
    at D:\Software Engineer\Sofware Testing\HW6\eshop-sut\backend\server.js:33:11
    at Layer.handleRequest (D:\Software Engineer\Sofware Testing\HW6\eshop-sut\backend\node_modules\router\lib\layer.js:152:17)
    at next (D:\Software Engineer\Sofware Testing\HW6\eshop-sut\backend\node_modules\router\lib\route.js:157:13)
    at Route.dispatch (D:\Software Engineer\Sofware Testing\HW6\eshop-sut\backend\node_modules\router\lib\route.js:117:3)
    at handle (D:\Software Engineer\Sofware Testing\HW6\eshop-sut\backend\node_modules\router\index.js:435:11)
    at Layer.handleRequest (D:\Software Engineer\Sofware Testing\HW6\eshop-sut\backend\node_modules\router\lib\layer.js:152:17)
    at D:\Software Engineer\Sofware Testing\HW6\eshop-sut\backend\node_modules\router\index.js:295:15
    at processParams (D:\Software Engineer\Sofware Testing\HW6\eshop-sut\backend\node_modules\router\index.js:582:12)
    at next (D:\Software Engineer\Sofware Testing\HW6\eshop-sut\backend\node_modules\router\index.js:291:5)
    at read (D:\Software Engineer\Sofware Testing\HW6\eshop-sut\backend\node_modules\body-parser\lib\read.js:62:5)
